{
  "messages": [
    {
      "role": "system",
      "message": "simple prompt\n\nhello world"
    }
  ]
}